Test error: 0.6643, Features: What programme are you in?, Have you taken a course on machine learning?, Have you taken a course on information retrieval?, Have you taken a course on statistics?, Have you taken a course on databases?, What is your gender?, I have used ChatGPT to help me with some of my study assignments , How many hours per week do you do sports (in whole hours)? , incorrect_answer, Good_weather_day
Test error: 0.6531, Features: What programme are you in?, Have you taken a course on machine learning?, Have you taken a course on information retrieval?, Have you taken a course on statistics?, Have you taken a course on databases?, What is your gender?, I have used ChatGPT to help me with some of my study assignments , How many hours per week do you do sports (in whole hours)? , Good_weather_day
Test error: 0.6145, Features: What programme are you in?, Have you taken a course on machine learning?, Have you taken a course on information retrieval?, Have you taken a course on databases?, What is your gender?, I have used ChatGPT to help me with some of my study assignments , How many hours per week do you do sports (in whole hours)? , Good_weather_day
Test error: 0.5729, Features: What programme are you in?, Have you taken a course on machine learning?, Have you taken a course on information retrieval?, Have you taken a course on databases?, What is your gender?, I have used ChatGPT to help me with some of my study assignments , Good_weather_day
Test error: 0.5522, Features: What programme are you in?, Have you taken a course on machine learning?, Have you taken a course on databases?, What is your gender?, I have used ChatGPT to help me with some of my study assignments , Good_weather_day
